------------------------------------------------------------
TimeQuest Timing Analyzer Summary
------------------------------------------------------------

Type  : Slow 1200mV 85C Model Setup 'clk50'
Slack : 9.991
TNS   : 0.000

Type  : Slow 1200mV 85C Model Hold 'clk50'
Slack : 0.284
TNS   : 0.000

Type  : Slow 1200mV 85C Model Recovery 'clk50'
Slack : 13.937
TNS   : 0.000

Type  : Slow 1200mV 85C Model Removal 'clk50'
Slack : 2.819
TNS   : 0.000

Type  : Slow 1200mV 85C Model Minimum Pulse Width 'clk50'
Slack : 8.486
TNS   : 0.000

Type  : Slow 1200mV 0C Model Setup 'clk50'
Slack : 10.813
TNS   : 0.000

Type  : Slow 1200mV 0C Model Hold 'clk50'
Slack : 0.280
TNS   : 0.000

Type  : Slow 1200mV 0C Model Recovery 'clk50'
Slack : 14.427
TNS   : 0.000

Type  : Slow 1200mV 0C Model Removal 'clk50'
Slack : 2.488
TNS   : 0.000

Type  : Slow 1200mV 0C Model Minimum Pulse Width 'clk50'
Slack : 8.488
TNS   : 0.000

Type  : Fast 1200mV 0C Model Setup 'clk50'
Slack : 13.640
TNS   : 0.000

Type  : Fast 1200mV 0C Model Hold 'clk50'
Slack : 0.136
TNS   : 0.000

Type  : Fast 1200mV 0C Model Recovery 'clk50'
Slack : 15.607
TNS   : 0.000

Type  : Fast 1200mV 0C Model Removal 'clk50'
Slack : 1.625
TNS   : 0.000

Type  : Fast 1200mV 0C Model Minimum Pulse Width 'clk50'
Slack : 8.208
TNS   : 0.000

------------------------------------------------------------
